// Jest Snapshot v1, https://goo.gl/fbAQLP

exports[`Snapshot | SearchPage SearchPage component renders correctly 1`] = `
<div
  className="search-books"
>
  <div
    className="search-books-bar"
  >
    <a
      className="close-search"
      href="/"
      onClick={[Function]}
    />
    <div
      className="search-books-input-wrapper"
    >
      <input
        placeholder="Search by title or author"
        type="text"
      />
    </div>
  </div>
  <div
    className="search-books-results"
  >
    <ol
      className="books-grid"
    />
  </div>
</div>
`;
